c:\gamedev\cpp20_server\cpp20_gameserver\moduleserver\libraries\debug\servercore.pdb
c:\gamedev\cpp20_server\cpp20_gameserver\moduleserver\libraries\debug\servercore.idb
c:\gamedev\cpp20_server\cpp20_gameserver\moduleserver\servercore\x64\debug\threadmanager.obj
c:\gamedev\cpp20_server\cpp20_gameserver\moduleserver\servercore\x64\debug\refcounting.obj
c:\gamedev\cpp20_server\cpp20_gameserver\moduleserver\servercore\x64\debug\memory.obj
c:\gamedev\cpp20_server\cpp20_gameserver\moduleserver\servercore\x64\debug\lock.obj
c:\gamedev\cpp20_server\cpp20_gameserver\moduleserver\servercore\x64\debug\deadlockprofiler.obj
c:\gamedev\cpp20_server\cpp20_gameserver\moduleserver\servercore\x64\debug\coretls.obj
c:\gamedev\cpp20_server\cpp20_gameserver\moduleserver\servercore\x64\debug\corepch.obj
c:\gamedev\cpp20_server\cpp20_gameserver\moduleserver\servercore\x64\debug\coreglobal.obj
c:\gamedev\cpp20_server\cpp20_gameserver\moduleserver\servercore\x64\debug\allocator.obj
c:\gamedev\cpp20_server\cpp20_gameserver\moduleserver\servercore\x64\debug\refcounting.ixx.ifc
c:\gamedev\cpp20_server\cpp20_gameserver\moduleserver\servercore\x64\debug\refcounting.ixx.ifc.d.json
c:\gamedev\cpp20_server\cpp20_gameserver\moduleserver\servercore\x64\debug\refcounting.ixx.obj
c:\gamedev\cpp20_server\cpp20_gameserver\moduleserver\servercore\x64\debug\corepch.ixx.ifc
c:\gamedev\cpp20_server\cpp20_gameserver\moduleserver\servercore\x64\debug\corepch.ixx.ifc.d.json
c:\gamedev\cpp20_server\cpp20_gameserver\moduleserver\servercore\x64\debug\corepch.ixx.obj
c:\gamedev\cpp20_server\cpp20_gameserver\moduleserver\servercore\x64\debug\set_6sly5bu9e3235iql.ifc
c:\gamedev\cpp20_server\cpp20_gameserver\moduleserver\servercore\x64\debug\set_6sly5bu9e3235iql.ifc.d.json
c:\gamedev\cpp20_server\cpp20_gameserver\moduleserver\servercore\x64\debug\set_6sly5bu9e3235iql.obj
c:\gamedev\cpp20_server\cpp20_gameserver\moduleserver\servercore\x64\debug\map_8570phep5qdmo5lf.ifc
c:\gamedev\cpp20_server\cpp20_gameserver\moduleserver\servercore\x64\debug\map_8570phep5qdmo5lf.ifc.d.json
c:\gamedev\cpp20_server\cpp20_gameserver\moduleserver\servercore\x64\debug\map_8570phep5qdmo5lf.obj
c:\gamedev\cpp20_server\cpp20_gameserver\moduleserver\servercore\x64\debug\coretls.ixx.ifc
c:\gamedev\cpp20_server\cpp20_gameserver\moduleserver\servercore\x64\debug\coretls.ixx.ifc.d.json
c:\gamedev\cpp20_server\cpp20_gameserver\moduleserver\servercore\x64\debug\coretls.ixx.obj
c:\gamedev\cpp20_server\cpp20_gameserver\moduleserver\servercore\x64\debug\iostream_07knffsxnv90m0ym.ifc
c:\gamedev\cpp20_server\cpp20_gameserver\moduleserver\servercore\x64\debug\iostream_07knffsxnv90m0ym.ifc.d.json
c:\gamedev\cpp20_server\cpp20_gameserver\moduleserver\servercore\x64\debug\iostream_07knffsxnv90m0ym.obj
c:\gamedev\cpp20_server\cpp20_gameserver\moduleserver\servercore\x64\debug\format_214gpsoueermy0ot.ifc
c:\gamedev\cpp20_server\cpp20_gameserver\moduleserver\servercore\x64\debug\format_214gpsoueermy0ot.ifc.d.json
c:\gamedev\cpp20_server\cpp20_gameserver\moduleserver\servercore\x64\debug\format_214gpsoueermy0ot.obj
c:\gamedev\cpp20_server\cpp20_gameserver\moduleserver\servercore\x64\debug\deadlockprofiler.ixx.ifc
c:\gamedev\cpp20_server\cpp20_gameserver\moduleserver\servercore\x64\debug\deadlockprofiler.ixx.ifc.d.json
c:\gamedev\cpp20_server\cpp20_gameserver\moduleserver\servercore\x64\debug\deadlockprofiler.ixx.obj
c:\gamedev\cpp20_server\cpp20_gameserver\moduleserver\servercore\x64\debug\future_kztpoybu32i8x2de.ifc
c:\gamedev\cpp20_server\cpp20_gameserver\moduleserver\servercore\x64\debug\future_kztpoybu32i8x2de.ifc.d.json
c:\gamedev\cpp20_server\cpp20_gameserver\moduleserver\servercore\x64\debug\future_kztpoybu32i8x2de.obj
c:\gamedev\cpp20_server\cpp20_gameserver\moduleserver\servercore\x64\debug\allocator.ixx.ifc
c:\gamedev\cpp20_server\cpp20_gameserver\moduleserver\servercore\x64\debug\allocator.ixx.ifc.d.json
c:\gamedev\cpp20_server\cpp20_gameserver\moduleserver\servercore\x64\debug\allocator.ixx.obj
c:\gamedev\cpp20_server\cpp20_gameserver\moduleserver\servercore\x64\debug\chrono_7zkgowfdgqxga80l.ifc
c:\gamedev\cpp20_server\cpp20_gameserver\moduleserver\servercore\x64\debug\chrono_7zkgowfdgqxga80l.ifc.d.json
c:\gamedev\cpp20_server\cpp20_gameserver\moduleserver\servercore\x64\debug\chrono_7zkgowfdgqxga80l.obj
c:\gamedev\cpp20_server\cpp20_gameserver\moduleserver\servercore\x64\debug\coreglobal.ixx.ifc
c:\gamedev\cpp20_server\cpp20_gameserver\moduleserver\servercore\x64\debug\coreglobal.ixx.ifc.d.json
c:\gamedev\cpp20_server\cpp20_gameserver\moduleserver\servercore\x64\debug\coreglobal.ixx.obj
c:\gamedev\cpp20_server\cpp20_gameserver\moduleserver\servercore\x64\debug\threadmanager.ixx.ifc
c:\gamedev\cpp20_server\cpp20_gameserver\moduleserver\servercore\x64\debug\threadmanager.ixx.ifc.d.json
c:\gamedev\cpp20_server\cpp20_gameserver\moduleserver\servercore\x64\debug\threadmanager.ixx.obj
c:\gamedev\cpp20_server\cpp20_gameserver\moduleserver\servercore\x64\debug\memory.ixx.ifc
c:\gamedev\cpp20_server\cpp20_gameserver\moduleserver\servercore\x64\debug\memory.ixx.ifc.d.json
c:\gamedev\cpp20_server\cpp20_gameserver\moduleserver\servercore\x64\debug\memory.ixx.obj
c:\gamedev\cpp20_server\cpp20_gameserver\moduleserver\servercore\x64\debug\coremacro.ixx.ifc
c:\gamedev\cpp20_server\cpp20_gameserver\moduleserver\servercore\x64\debug\coremacro.ixx.ifc.d.json
c:\gamedev\cpp20_server\cpp20_gameserver\moduleserver\servercore\x64\debug\coremacro.ixx.obj
c:\gamedev\cpp20_server\cpp20_gameserver\moduleserver\servercore\x64\debug\syncstream_68uqw4fn0zgrv1x8.ifc
c:\gamedev\cpp20_server\cpp20_gameserver\moduleserver\servercore\x64\debug\syncstream_68uqw4fn0zgrv1x8.ifc.d.json
c:\gamedev\cpp20_server\cpp20_gameserver\moduleserver\servercore\x64\debug\syncstream_68uqw4fn0zgrv1x8.obj
c:\gamedev\cpp20_server\cpp20_gameserver\moduleserver\servercore\x64\debug\lock.ixx.ifc
c:\gamedev\cpp20_server\cpp20_gameserver\moduleserver\servercore\x64\debug\lock.ixx.ifc.d.json
c:\gamedev\cpp20_server\cpp20_gameserver\moduleserver\servercore\x64\debug\lock.ixx.obj
c:\gamedev\cpp20_server\cpp20_gameserver\moduleserver\servercore\x64\debug\stack_c3szaf11z9sfvalp.ifc
c:\gamedev\cpp20_server\cpp20_gameserver\moduleserver\servercore\x64\debug\stack_c3szaf11z9sfvalp.ifc.d.json
c:\gamedev\cpp20_server\cpp20_gameserver\moduleserver\servercore\x64\debug\stack_c3szaf11z9sfvalp.obj
c:\gamedev\cpp20_server\cpp20_gameserver\moduleserver\servercore\x64\debug\pch.ixx.ifc
c:\gamedev\cpp20_server\cpp20_gameserver\moduleserver\servercore\x64\debug\pch.ixx.ifc.d.json
c:\gamedev\cpp20_server\cpp20_gameserver\moduleserver\servercore\x64\debug\pch.ixx.obj
c:\gamedev\cpp20_server\cpp20_gameserver\moduleserver\servercore\x64\debug\source_location_bbcfv92lnq2hxnsa.ifc
c:\gamedev\cpp20_server\cpp20_gameserver\moduleserver\servercore\x64\debug\source_location_bbcfv92lnq2hxnsa.ifc.d.json
c:\gamedev\cpp20_server\cpp20_gameserver\moduleserver\servercore\x64\debug\source_location_bbcfv92lnq2hxnsa.obj
c:\gamedev\cpp20_server\cpp20_gameserver\moduleserver\servercore\x64\debug\corepch.stdx.ixx.ifc
c:\gamedev\cpp20_server\cpp20_gameserver\moduleserver\servercore\x64\debug\corepch.stdx.ixx.ifc.d.json
c:\gamedev\cpp20_server\cpp20_gameserver\moduleserver\servercore\x64\debug\corepch.stdx.ixx.obj
c:\gamedev\cpp20_server\cpp20_gameserver\moduleserver\servercore\x64\debug\types.ixx.ifc
c:\gamedev\cpp20_server\cpp20_gameserver\moduleserver\servercore\x64\debug\types.ixx.ifc.d.json
c:\gamedev\cpp20_server\cpp20_gameserver\moduleserver\servercore\x64\debug\types.ixx.obj
c:\gamedev\cpp20_server\cpp20_gameserver\moduleserver\libraries\debug\servercore.lib
c:\gamedev\cpp20_server\cpp20_gameserver\moduleserver\servercore\x64\debug\coreglobal.ixx.module.json
c:\gamedev\cpp20_server\cpp20_gameserver\moduleserver\servercore\x64\debug\types.ixx.module.json
c:\gamedev\cpp20_server\cpp20_gameserver\moduleserver\servercore\x64\debug\corepch.stdx.ixx.module.json
c:\gamedev\cpp20_server\cpp20_gameserver\moduleserver\servercore\x64\debug\coremacro.ixx.module.json
c:\gamedev\cpp20_server\cpp20_gameserver\moduleserver\servercore\x64\debug\coretls.ixx.module.json
c:\gamedev\cpp20_server\cpp20_gameserver\moduleserver\servercore\x64\debug\memory.ixx.module.json
c:\gamedev\cpp20_server\cpp20_gameserver\moduleserver\servercore\x64\debug\pch.ixx.module.json
c:\gamedev\cpp20_server\cpp20_gameserver\moduleserver\servercore\x64\debug\deadlockprofiler.ixx.module.json
c:\gamedev\cpp20_server\cpp20_gameserver\moduleserver\servercore\x64\debug\refcounting.ixx.module.json
c:\gamedev\cpp20_server\cpp20_gameserver\moduleserver\servercore\x64\debug\corepch.ixx.module.json
c:\gamedev\cpp20_server\cpp20_gameserver\moduleserver\servercore\x64\debug\threadmanager.ixx.module.json
c:\gamedev\cpp20_server\cpp20_gameserver\moduleserver\servercore\x64\debug\lock.ixx.module.json
c:\gamedev\cpp20_server\cpp20_gameserver\moduleserver\servercore\x64\debug\allocator.ixx.module.json
c:\gamedev\cpp20_server\cpp20_gameserver\moduleserver\servercore\x64\debug\format_214gpsoueermy0ot.module.json
c:\gamedev\cpp20_server\cpp20_gameserver\moduleserver\servercore\x64\debug\stack_c3szaf11z9sfvalp.module.json
c:\gamedev\cpp20_server\cpp20_gameserver\moduleserver\servercore\x64\debug\syncstream_68uqw4fn0zgrv1x8.module.json
c:\gamedev\cpp20_server\cpp20_gameserver\moduleserver\servercore\x64\debug\future_kztpoybu32i8x2de.module.json
c:\gamedev\cpp20_server\cpp20_gameserver\moduleserver\servercore\x64\debug\source_location_bbcfv92lnq2hxnsa.module.json
c:\gamedev\cpp20_server\cpp20_gameserver\moduleserver\servercore\x64\debug\map_8570phep5qdmo5lf.module.json
c:\gamedev\cpp20_server\cpp20_gameserver\moduleserver\servercore\x64\debug\set_6sly5bu9e3235iql.module.json
c:\gamedev\cpp20_server\cpp20_gameserver\moduleserver\servercore\x64\debug\iostream_07knffsxnv90m0ym.module.json
c:\gamedev\cpp20_server\cpp20_gameserver\moduleserver\servercore\x64\debug\chrono_7zkgowfdgqxga80l.module.json
c:\gamedev\cpp20_server\cpp20_gameserver\moduleserver\servercore\x64\debug\servercore.tlog\cl.command.1.tlog
c:\gamedev\cpp20_server\cpp20_gameserver\moduleserver\servercore\x64\debug\servercore.tlog\cl.items.tlog
c:\gamedev\cpp20_server\cpp20_gameserver\moduleserver\servercore\x64\debug\servercore.tlog\cl.read.1.tlog
c:\gamedev\cpp20_server\cpp20_gameserver\moduleserver\servercore\x64\debug\servercore.tlog\cl.write.1.tlog
c:\gamedev\cpp20_server\cpp20_gameserver\moduleserver\servercore\x64\debug\servercore.tlog\lib-link.read.1.tlog
c:\gamedev\cpp20_server\cpp20_gameserver\moduleserver\servercore\x64\debug\servercore.tlog\lib-link.write.1.tlog
c:\gamedev\cpp20_server\cpp20_gameserver\moduleserver\servercore\x64\debug\servercore.tlog\lib.command.1.tlog
c:\gamedev\cpp20_server\cpp20_gameserver\moduleserver\servercore\x64\debug\servercore_md.tlog\cl.command.1.tlog
c:\gamedev\cpp20_server\cpp20_gameserver\moduleserver\servercore\x64\debug\servercore_md.tlog\microsoft.build.cpptasks.cl.read.1.tlog
c:\gamedev\cpp20_server\cpp20_gameserver\moduleserver\servercore\x64\debug\servercore_md.tlog\microsoft.build.cpptasks.cl.write.1.tlog
